I'm sorry, but errors were detected in your script. Please correct the
errors listed below, and try again.


File "game/library.rpy", line 97: indentation mismatch.

Ren'Py Version: Ren'Py 7.4.10.2178
Fri Oct 29 14:02:26 2021
